[warn] image filename not found: /Users/saitomirei/mireisfolder/Projects/raralabjp/assets/gemdiary/raw/220910-email-issue/index.html
[warn] image filename not found: /Users/saitomirei/mireisfolder/Projects/raralabjp/assets/gemdiary/raw/220910-email-issue/index.html
[warn] image filename not found: /Users/saitomirei/mireisfolder/Projects/raralabjp/assets/gemdiary/raw/221008-server-maintenance/index.html
[warn] image filename not found: /Users/saitomirei/mireisfolder/Projects/raralabjp/assets/gemdiary/raw/221008-server-maintenance/index.html
[warn] image filename not found: /Users/saitomirei/mireisfolder/Projects/raralabjp/assets/gemdiary/raw/240507-balancing-handpiece/index.html
[warn] image filename not found: /Users/saitomirei/mireisfolder/Projects/raralabjp/assets/gemdiary/raw/240507-balancing-handpiece/index.html
[warn] image filename not found: /Users/saitomirei/mireisfolder/Projects/raralabjp/assets/gemdiary/raw/240507-balancing-handpiece/index.html
[warn] image filename not found: /Users/saitomirei/mireisfolder/Projects/raralabjp/assets/gemdiary/raw/240507-balancing-handpiece/index.html
[warn] image filename not found: /Users/saitomirei/mireisfolder/Projects/raralabjp/assets/gemdiary/raw/240509-polish-efficiency/index.html
[warn] image filename not found: /Users/saitomirei/mireisfolder/Projects/raralabjp/assets/gemdiary/raw/240509-polish-efficiency/index.html
[warn] image filename not found: /Users/saitomirei/mireisfolder/Projects/raralabjp/assets/gemdiary/raw/240509-polish-efficiency/index.html
[warn] image filename not found: /Users/saitomirei/mireisfolder/Projects/raralabjp/assets/gemdiary/raw/240509-polish-efficiency/index.html
[warn] image filename not found: /Users/saitomirei/mireisfolder/Projects/raralabjp/assets/gemdiary/raw/240509-polish-efficiency/index.html
[warn] image filename not found: /Users/saitomirei/mireisfolder/Projects/raralabjp/assets/gemdiary/raw/240509-polish-efficiency/index.html
[warn] image filename not found: /Users/saitomirei/mireisfolder/Projects/raralabjp/assets/gemdiary/raw/240509-polish-efficiency/index.html
[warn] image filename not found: /Users/saitomirei/mireisfolder/Projects/raralabjp/assets/gemdiary/raw/240509-polish-efficiency/index.html
[warn] image filename not found: /Users/saitomirei/mireisfolder/Projects/raralabjp/assets/gemdiary/raw/240509-polish-efficiency/index.html
[warn] image filename not found: /Users/saitomirei/mireisfolder/Projects/raralabjp/assets/gemdiary/raw/240509-polish-efficiency/index.html
[warn] image filename not found: /Users/saitomirei/mireisfolder/Projects/raralabjp/assets/gemdiary/raw/240613-srb-angle-comparison/index.html
[warn] image filename not found: /Users/saitomirei/mireisfolder/Projects/raralabjp/assets/gemdiary/raw/240613-srb-angle-comparison/index.html
[warn] image filename not found: /Users/saitomirei/mireisfolder/Projects/raralabjp/assets/gemdiary/raw/240613-srb-angle-comparison/index.html
[warn] image filename not found: /Users/saitomirei/mireisfolder/Projects/raralabjp/assets/gemdiary/raw/240613-srb-angle-comparison/index.html
[warn] image filename not found: /Users/saitomirei/mireisfolder/Projects/raralabjp/assets/gemdiary/raw/240613-srb-angle-comparison/index.html
[warn] image filename not found: /Users/saitomirei/mireisfolder/Projects/raralabjp/assets/gemdiary/raw/240613-srb-angle-comparison/index.html
[warn] image filename not found: /Users/saitomirei/mireisfolder/Projects/raralabjp/assets/gemdiary/raw/240613-srb-angle-comparison/index.html
[warn] image filename not found: /Users/saitomirei/mireisfolder/Projects/raralabjp/assets/gemdiary/raw/250329-umba-sapphire-crack/index.html
[warn] image filename not found: /Users/saitomirei/mireisfolder/Projects/raralabjp/assets/gemdiary/raw/250329-umba-sapphire-crack/index.html
[warn] image filename not found: /Users/saitomirei/mireisfolder/Projects/raralabjp/assets/gemdiary/raw/250329-umba-sapphire-crack/index.html
[warn] image filename not found: /Users/saitomirei/mireisfolder/Projects/raralabjp/assets/gemdiary/raw/250329-umba-sapphire-crack/index.html
[warn] image filename not found: /Users/saitomirei/mireisfolder/Projects/raralabjp/assets/gemdiary/raw/250329-umba-sapphire-crack/index.html
[warn] image filename not found: /Users/saitomirei/mireisfolder/Projects/raralabjp/assets/gemdiary/raw/250329-umba-sapphire-crack/index.html
[warn] image filename not found: /Users/saitomirei/mireisfolder/Projects/raralabjp/assets/gemdiary/raw/250331-6th-anniversary-sale-thank-you/index.html
[warn] image filename not found: /Users/saitomirei/mireisfolder/Projects/raralabjp/assets/gemdiary/raw/250331-6th-anniversary-sale-thank-you/index.html
[warn] image filename not found: /Users/saitomirei/mireisfolder/Projects/raralabjp/assets/gemdiary/raw/250422-jewelry-aquamarine-garnet/index.html
[warn] image filename not found: /Users/saitomirei/mireisfolder/Projects/raralabjp/assets/gemdiary/raw/250422-jewelry-aquamarine-garnet/index.html
[warn] image filename not found: /Users/saitomirei/mireisfolder/Projects/raralabjp/assets/gemdiary/raw/250422-jewelry-aquamarine-garnet/index.html
[warn] image filename not found: /Users/saitomirei/mireisfolder/Projects/raralabjp/assets/gemdiary/raw/250422-jewelry-aquamarine-garnet/index.html
[warn] image filename not found: /Users/saitomirei/mireisfolder/Projects/raralabjp/assets/gemdiary/raw/250422-jewelry-aquamarine-garnet/index.html
[warn] image filename not found: /Users/saitomirei/mireisfolder/Projects/raralabjp/assets/gemdiary/raw/250422-jewelry-aquamarine-garnet/index.html
[warn] image filename not found: /Users/saitomirei/mireisfolder/Projects/raralabjp/assets/gemdiary/raw/250423-polishing-moss-aquamarine/index.html
[warn] image filename not found: /Users/saitomirei/mireisfolder/Projects/raralabjp/assets/gemdiary/raw/250423-polishing-moss-aquamarine/index.html
[warn] image filename not found: /Users/saitomirei/mireisfolder/Projects/raralabjp/assets/gemdiary/raw/250423-polishing-moss-aquamarine/index.html
[warn] image filename not found: /Users/saitomirei/mireisfolder/Projects/raralabjp/assets/gemdiary/raw/250423-polishing-moss-aquamarine/index.html
[warn] image filename not found: /Users/saitomirei/mireisfolder/Projects/raralabjp/assets/gemdiary/raw/250423-polishing-moss-aquamarine/index.html
[warn] image filename not found: /Users/saitomirei/mireisfolder/Projects/raralabjp/assets/gemdiary/raw/250423-polishing-moss-aquamarine/index.html
[warn] image filename not found: /Users/saitomirei/mireisfolder/Projects/raralabjp/assets/gemdiary/raw/250423-polishing-moss-aquamarine/index.html
[warn] image filename not found: /Users/saitomirei/mireisfolder/Projects/raralabjp/assets/gemdiary/raw/250423-polishing-moss-aquamarine/index.html
[warn] image filename not found: /Users/saitomirei/mireisfolder/Projects/raralabjp/assets/gemdiary/raw/250502-beryllium-diffusion-orange-sapphire/index.html
[warn] image filename not found: /Users/saitomirei/mireisfolder/Projects/raralabjp/assets/gemdiary/raw/250502-beryllium-diffusion-orange-sapphire/index.html
[warn] image filename not found: /Users/saitomirei/mireisfolder/Projects/raralabjp/assets/gemdiary/raw/250502-beryllium-diffusion-orange-sapphire/index.html
[warn] image filename not found: /Users/saitomirei/mireisfolder/Projects/raralabjp/assets/gemdiary/raw/250502-beryllium-diffusion-orange-sapphire/index.html
[warn] image filename not found: /Users/saitomirei/mireisfolder/Projects/raralabjp/assets/gemdiary/raw/250502-beryllium-diffusion-orange-sapphire/index.html
[warn] image filename not found: /Users/saitomirei/mireisfolder/Projects/raralabjp/assets/gemdiary/raw/250502-beryllium-diffusion-orange-sapphire/index.html
[warn] image filename not found: /Users/saitomirei/mireisfolder/Projects/raralabjp/assets/gemdiary/raw/250502-beryllium-diffusion-orange-sapphire/index.html
[warn] image filename not found: /Users/saitomirei/mireisfolder/Projects/raralabjp/assets/gemdiary/raw/250502-beryllium-diffusion-orange-sapphire/index.html
[warn] image filename not found: /Users/saitomirei/mireisfolder/Projects/raralabjp/assets/gemdiary/raw/250502-beryllium-diffusion-orange-sapphire/index.html
[warn] image filename not found: /Users/saitomirei/mireisfolder/Projects/raralabjp/assets/gemdiary/raw/250502-beryllium-diffusion-orange-sapphire/index.html
[warn] image filename not found: /Users/saitomirei/mireisfolder/Projects/raralabjp/assets/gemdiary/raw/250502-beryllium-diffusion-orange-sapphire/index.html
[warn] image filename not found: /Users/saitomirei/mireisfolder/Projects/raralabjp/assets/gemdiary/raw/250502-beryllium-diffusion-orange-sapphire/index.html
[warn] image filename not found: /Users/saitomirei/mireisfolder/Projects/raralabjp/assets/gemdiary/raw/250502-beryllium-diffusion-orange-sapphire/index.html
[warn] image filename not found: /Users/saitomirei/mireisfolder/Projects/raralabjp/assets/gemdiary/raw/250502-beryllium-diffusion-orange-sapphire/index.html
[warn] image filename not found: /Users/saitomirei/mireisfolder/Projects/raralabjp/assets/gemdiary/raw/250502-beryllium-diffusion-orange-sapphire/index.html
[warn] image filename not found: /Users/saitomirei/mireisfolder/Projects/raralabjp/assets/gemdiary/raw/250502-beryllium-diffusion-orange-sapphire/index.html
[warn] image filename not found: /Users/saitomirei/mireisfolder/Projects/raralabjp/assets/gemdiary/raw/250502-beryllium-diffusion-orange-sapphire/index.html
[warn] image filename not found: /Users/saitomirei/mireisfolder/Projects/raralabjp/assets/gemdiary/raw/250502-beryllium-diffusion-orange-sapphire/index.html
[warn] image filename not found: /Users/saitomirei/mireisfolder/Projects/raralabjp/assets/gemdiary/raw/250607-resurfacing-lap/index.html
[warn] image filename not found: /Users/saitomirei/mireisfolder/Projects/raralabjp/assets/gemdiary/raw/250607-resurfacing-lap/index.html
[warn] image filename not found: /Users/saitomirei/mireisfolder/Projects/raralabjp/assets/gemdiary/raw/250607-resurfacing-lap/index.html
[warn] image filename not found: /Users/saitomirei/mireisfolder/Projects/raralabjp/assets/gemdiary/raw/250607-resurfacing-lap/index.html
[warn] image filename not found: /Users/saitomirei/mireisfolder/Projects/raralabjp/assets/gemdiary/raw/250607-resurfacing-lap/index.html
[warn] image filename not found: /Users/saitomirei/mireisfolder/Projects/raralabjp/assets/gemdiary/raw/250607-resurfacing-lap/index.html
[warn] image filename not found: /Users/saitomirei/mireisfolder/Projects/raralabjp/assets/gemdiary/raw/250607-resurfacing-lap/index.html
[warn] image filename not found: /Users/saitomirei/mireisfolder/Projects/raralabjp/assets/gemdiary/raw/250607-resurfacing-lap/index.html
[warn] image filename not found: /Users/saitomirei/mireisfolder/Projects/raralabjp/assets/gemdiary/raw/250705-untreated-vs-normal-heated/index.html
[warn] image filename not found: /Users/saitomirei/mireisfolder/Projects/raralabjp/assets/gemdiary/raw/250705-untreated-vs-normal-heated/index.html
[warn] image filename not found: /Users/saitomirei/mireisfolder/Projects/raralabjp/assets/gemdiary/raw/250705-untreated-vs-normal-heated/index.html
[warn] image filename not found: /Users/saitomirei/mireisfolder/Projects/raralabjp/assets/gemdiary/raw/250705-untreated-vs-normal-heated/index.html
[warn] image filename not found: /Users/saitomirei/mireisfolder/Projects/raralabjp/assets/gemdiary/raw/250705-untreated-vs-normal-heated/index.html
[warn] image filename not found: /Users/saitomirei/mireisfolder/Projects/raralabjp/assets/gemdiary/raw/250705-untreated-vs-normal-heated/index.html
[warn] image filename not found: /Users/saitomirei/mireisfolder/Projects/raralabjp/assets/gemdiary/raw/33-3sk4f/index.html
[warn] image filename not found: /Users/saitomirei/mireisfolder/Projects/raralabjp/assets/gemdiary/raw/33-3sk4f/index.html
[warn] image filename not found: /Users/saitomirei/mireisfolder/Projects/raralabjp/assets/gemdiary/raw/changed-toppage/index.html
[warn] image filename not found: /Users/saitomirei/mireisfolder/Projects/raralabjp/assets/gemdiary/raw/changed-toppage/index.html
[warn] image filename not found: /Users/saitomirei/mireisfolder/Projects/raralabjp/assets/gemdiary/raw/girdle-photo-shooting/index.html
[warn] image filename not found: /Users/saitomirei/mireisfolder/Projects/raralabjp/assets/gemdiary/raw/girdle-photo-shooting/index.html
[warn] image filename not found: /Users/saitomirei/mireisfolder/Projects/raralabjp/assets/gemdiary/raw/girdle-photo-shooting/index.html
[warn] image filename not found: /Users/saitomirei/mireisfolder/Projects/raralabjp/assets/gemdiary/raw/girdle-photo-shooting/index.html
[warn] image filename not found: /Users/saitomirei/mireisfolder/Projects/raralabjp/assets/gemdiary/raw/manyenvelopes/index.html
[warn] image filename not found: /Users/saitomirei/mireisfolder/Projects/raralabjp/assets/gemdiary/raw/manyenvelopes/index.html
[warn] image filename not found: /Users/saitomirei/mireisfolder/Projects/raralabjp/assets/gemdiary/raw/new-year-greeting-2023/index.html
[warn] image filename not found: /Users/saitomirei/mireisfolder/Projects/raralabjp/assets/gemdiary/raw/new-year-greeting-2023/index.html
[warn] image filename not found: /Users/saitomirei/mireisfolder/Projects/raralabjp/assets/gemdiary/raw/nice-photos/index.html
[warn] image filename not found: /Users/saitomirei/mireisfolder/Projects/raralabjp/assets/gemdiary/raw/nice-photos/index.html
[warn] image filename not found: /Users/saitomirei/mireisfolder/Projects/raralabjp/assets/gemdiary/raw/our-favorite-led/index.html
[warn] image filename not found: /Users/saitomirei/mireisfolder/Projects/raralabjp/assets/gemdiary/raw/our-favorite-led/index.html
[warn] image filename not found: /Users/saitomirei/mireisfolder/Projects/raralabjp/assets/gemdiary/raw/photomeeting/index.html
[warn] image filename not found: /Users/saitomirei/mireisfolder/Projects/raralabjp/assets/gemdiary/raw/photomeeting/index.html
[warn] image filename not found: /Users/saitomirei/mireisfolder/Projects/raralabjp/assets/gemdiary/raw/photomeeting/index.html
[warn] image filename not found: /Users/saitomirei/mireisfolder/Projects/raralabjp/assets/gemdiary/raw/photomeeting/index.html
[warn] image filename not found: /Users/saitomirei/mireisfolder/Projects/raralabjp/assets/gemdiary/raw/privacypolicy-renewal/index.html
[warn] image filename not found: /Users/saitomirei/mireisfolder/Projects/raralabjp/assets/gemdiary/raw/privacypolicy-renewal/index.html
[warn] image filename not found: /Users/saitomirei/mireisfolder/Projects/raralabjp/assets/gemdiary/raw/sale-ended/index.html
[warn] image filename not found: /Users/saitomirei/mireisfolder/Projects/raralabjp/assets/gemdiary/raw/sale-ended/index.html
[warn] image filename not found: /Users/saitomirei/mireisfolder/Projects/raralabjp/assets/gemdiary/raw/site-renewal/index.html
[warn] image filename not found: /Users/saitomirei/mireisfolder/Projects/raralabjp/assets/gemdiary/raw/site-renewal/index.html
[warn] image filename not found: /Users/saitomirei/mireisfolder/Projects/raralabjp/assets/gemdiary/raw/whatsnew-230307/index.html
[warn] image filename not found: /Users/saitomirei/mireisfolder/Projects/raralabjp/assets/gemdiary/raw/whatsnew-230307/index.html
[warn] image filename not found: /Users/saitomirei/mireisfolder/Projects/raralabjp/assets/gemdiary/raw/whatsnew-230627/index.html
[warn] image filename not found: /Users/saitomirei/mireisfolder/Projects/raralabjp/assets/gemdiary/raw/whatsnew-230627/index.html
[warn] image filename not found: /Users/saitomirei/mireisfolder/Projects/raralabjp/assets/gemdiary/raw/whatsnew-240306-anniversary-sale/index.html
[warn] image filename not found: /Users/saitomirei/mireisfolder/Projects/raralabjp/assets/gemdiary/raw/whatsnew-240306-anniversary-sale/index.html
[warn] image filename not found: /Users/saitomirei/mireisfolder/Projects/raralabjp/assets/gemdiary/raw/whatsnew-240410-thank-you-and-whats-next/index.html
[warn] image filename not found: /Users/saitomirei/mireisfolder/Projects/raralabjp/assets/gemdiary/raw/whatsnew-240410-thank-you-and-whats-next/index.html
[warn] image filename not found: /Users/saitomirei/mireisfolder/Projects/raralabjp/assets/gemdiary/raw/whatsnew-240709/index.html
[warn] image filename not found: /Users/saitomirei/mireisfolder/Projects/raralabjp/assets/gemdiary/raw/whatsnew-240709/index.html
[warn] image filename not found: /Users/saitomirei/mireisfolder/Projects/raralabjp/assets/gemdiary/raw/whatsnew-240917/index.html
[warn] image filename not found: /Users/saitomirei/mireisfolder/Projects/raralabjp/assets/gemdiary/raw/whatsnew-240917/index.html
[warn] image filename not found: /Users/saitomirei/mireisfolder/Projects/raralabjp/assets/gemdiary/raw/whatsnew-241101/index.html
[warn] image filename not found: /Users/saitomirei/mireisfolder/Projects/raralabjp/assets/gemdiary/raw/whatsnew-241101/index.html
[warn] image filename not found: /Users/saitomirei/mireisfolder/Projects/raralabjp/assets/gemdiary/raw/whatsnew-250223-closingcreema/index.html
[warn] image filename not found: /Users/saitomirei/mireisfolder/Projects/raralabjp/assets/gemdiary/raw/whatsnew-250223-closingcreema/index.html
[warn] image filename not found: /Users/saitomirei/mireisfolder/Projects/raralabjp/assets/gemdiary/raw/whatsnew-250307/index.html
[warn] image filename not found: /Users/saitomirei/mireisfolder/Projects/raralabjp/assets/gemdiary/raw/whatsnew-250307/index.html
[warn] image filename not found: /Users/saitomirei/mireisfolder/Projects/raralabjp/assets/gemdiary/raw/whatsnew-250307/index.html
[warn] image filename not found: /Users/saitomirei/mireisfolder/Projects/raralabjp/assets/gemdiary/raw/whatsnew-250307-coupon/index.html
[warn] image filename not found: /Users/saitomirei/mireisfolder/Projects/raralabjp/assets/gemdiary/raw/whatsnew-250307-coupon/index.html
[warn] image filename not found: /Users/saitomirei/mireisfolder/Projects/raralabjp/assets/gemdiary/raw/whatsnew-250408-sold-category/index.html
[warn] image filename not found: /Users/saitomirei/mireisfolder/Projects/raralabjp/assets/gemdiary/raw/whatsnew-250408-sold-category/index.html
