[230705-oregonsunstone-baroquerosecut-jkprim] image filename not detected: 
[230705-oregonsunstone-baroquerosecut-jkprim] image filename not detected: 
[230714-french-cut] image filename not detected: 
[230714-french-cut] image filename not detected: 
[230714-french-cut] image filename not detected: 
[230714-french-cut] image filename not detected: 
[230714-french-cut] image filename not detected: 
[230902-inclusions-designs-1] image filename not detected: 
[230902-inclusions-designs-1] image filename not detected: 
[230902-inclusions-designs-1] image filename not detected: 
[230902-inclusions-designs-1] image filename not detected: 
[230902-inclusions-designs-1] image filename not detected: 
[230902-inclusions-designs-1] image filename not detected: 
[230902-inclusions-designs-1] image filename not detected: 
[230902-inclusions-designs-1] image filename not detected: 
[230902-inclusions-designs-1] image filename not detected: 
[230902-inclusions-designs-1] image filename not detected: 
[230902-inclusions-designs-1] image filename not detected: 
[230918-inclusions-designs-2] image filename not detected: 
[230918-inclusions-designs-2] image filename not detected: 
[230918-inclusions-designs-2] image filename not detected: 
[230918-inclusions-designs-2] image filename not detected: 
[230918-inclusions-designs-2] image filename not detected: 
[230918-inclusions-designs-2] image filename not detected: 
[230918-inclusions-designs-2] image filename not detected: 
[230918-inclusions-designs-2] image filename not detected: 
[230918-inclusions-designs-2] image filename not detected: 
[230918-inclusions-designs-2] image filename not detected: 
[230918-inclusions-designs-2] image filename not detected: 
[230918-inclusions-designs-2] image filename not detected: 
[230918-inclusions-designs-2] image filename not detected: 
[230918-inclusions-designs-2] image filename not detected: 
[230918-inclusions-designs-2] image filename not detected: 
[230918-inclusions-designs-2] image filename not detected: 
[230918-inclusions-designs-2] image filename not detected: 
[230924-montana-sapphire-firstcut] image filename not detected: 
[230924-montana-sapphire-firstcut] image filename not detected: 
[230924-montana-sapphire-firstcut] image filename not detected: 
[230924-montana-sapphire-firstcut] image filename not detected: 
[230924-montana-sapphire-firstcut] image filename not detected: 
[230924-montana-sapphire-firstcut] image filename not detected: 
[230924-montana-sapphire-firstcut] image filename not detected: 
[230924-montana-sapphire-firstcut] image filename not detected: 
[230924-montana-sapphire-firstcut] image filename not detected: 
[230924-montana-sapphire-firstcut] image filename not detected: 
[230924-montana-sapphire-firstcut] image filename not detected: 
[230924-montana-sapphire-firstcut] image filename not detected: 
[230924-montana-sapphire-firstcut] image filename not detected: 
[230924-montana-sapphire-firstcut] image filename not detected: 
[230924-montana-sapphire-firstcut] image filename not detected: 
[230924-montana-sapphire-firstcut] image filename not detected: 
[230924-montana-sapphire-firstcut] image filename not detected: 
[230924-montana-sapphire-firstcut] image filename not detected: 
[230924-montana-sapphire-firstcut] image filename not detected: 
[230924-montana-sapphire-firstcut] image filename not detected: 
[230924-montana-sapphire-firstcut] image filename not detected: 
[230924-montana-sapphire-firstcut] image filename not detected: 
[230924-montana-sapphire-firstcut] image filename not detected: 
[231207-two-square-cut] image filename not detected: 
[231207-two-square-cut] image filename not detected: 
[231207-two-square-cut] image filename not detected: 
[231207-two-square-cut] image filename not detected: 
[231207-two-square-cut] image filename not detected: 
[231207-two-square-cut] image filename not detected: 
[231207-two-square-cut] image filename not detected: 
[231207-two-square-cut] image filename not detected: 
[231207-two-square-cut] image filename not detected: 
[231207-two-square-cut] image filename not detected: 
[231207-two-square-cut] image filename not detected: 
[231207-two-square-cut] image filename not detected: 
[231207-two-square-cut] image filename not detected: 
[231208-faceting-thin-roughs] image filename not detected: 
[231208-faceting-thin-roughs] image filename not detected: 
[231208-faceting-thin-roughs] image filename not detected: 
[231208-faceting-thin-roughs] image filename not detected: 
[231208-faceting-thin-roughs] image filename not detected: 
[231208-faceting-thin-roughs] image filename not detected: 
[231208-faceting-thin-roughs] image filename not detected: 
[231208-faceting-thin-roughs] image filename not detected: 
[231208-faceting-thin-roughs] image filename not detected: 
[231208-faceting-thin-roughs] image filename not detected: 
[231208-faceting-thin-roughs] image filename not detected: 
[231208-faceting-thin-roughs] image filename not detected: 
[231208-faceting-thin-roughs] image filename not detected: 
[231208-faceting-thin-roughs] image filename not detected: 
[231208-faceting-thin-roughs] image filename not detected: 
[231208-faceting-thin-roughs] image filename not detected: 
[231208-faceting-thin-roughs] image filename not detected: 
[240124-design-for-garnet-1] image filename not detected: 
[240124-design-for-garnet-1] image filename not detected: 
[240124-design-for-garnet-1] image filename not detected: 
[240124-design-for-garnet-1] image filename not detected: 
[240124-design-for-garnet-1] image filename not detected: 
[240124-design-for-garnet-1] image filename not detected: 
[240124-design-for-garnet-1] image filename not detected: 
[240124-design-for-garnet-1] image filename not detected: 
[240124-design-for-garnet-1] image filename not detected: 
[240124-design-for-garnet-1] image filename not detected: 
[240124-design-for-garnet-1] image filename not detected: 
[240124-design-for-garnet-1] image filename not detected: 
[240124-design-for-garnet-1] image filename not detected: 
[240124-design-for-garnet-1] image filename not detected: 
[240124-design-for-garnet-1] image filename not detected: 
[240124-design-for-garnet-2] image filename not detected: 
[240124-design-for-garnet-2] image filename not detected: 
[240124-design-for-garnet-2] image filename not detected: 
[240124-design-for-garnet-2] image filename not detected: 
[240124-design-for-garnet-2] image filename not detected: 
[240124-design-for-garnet-2] image filename not detected: 
[240124-design-for-garnet-2] image filename not detected: 
[240124-design-for-garnet-2] image filename not detected: 
[240321-colors-and-angles] image filename not detected: 
[240321-colors-and-angles] image filename not detected: 
[240321-colors-and-angles] image filename not detected: 
[240321-colors-and-angles] image filename not detected: 
[240321-colors-and-angles] image filename not detected: 
[240321-colors-and-angles] image filename not detected: 
[240321-colors-and-angles] image filename not detected: 
[240321-colors-and-angles] image filename not detected: 
[240321-colors-and-angles] image filename not detected: 
[240321-colors-and-angles] image filename not detected: 
[240321-colors-and-angles] image filename not detected: 
[240321-colors-and-angles] image filename not detected: 
[240321-colors-and-angles] image filename not detected: 
[240507-balancing-handpiece] image filename not detected: 
[240507-balancing-handpiece] image filename not detected: 
[240507-four-laps] image filename not detected: 
[240507-four-laps] image filename not detected: 
[240507-four-laps] image filename not detected: 
[240507-four-laps] image filename not detected: 
[240507-four-laps] image filename not detected: 
[240507-four-laps] image filename not detected: 
[240507-stepcut-to-pixelcut] image filename not detected: 
[240507-stepcut-to-pixelcut] image filename not detected: 
[240507-stepcut-to-pixelcut] image filename not detected: 
[240507-stepcut-to-pixelcut] image filename not detected: 
[240507-stepcut-to-pixelcut] image filename not detected: 
[240613-srb-angle-comparison] image filename not detected: 
[240613-srb-angle-comparison] image filename not detected: 
[240620-adjusting-photoshoot] image filename not detected: 
[240620-adjusting-photoshoot] image filename not detected: 
[240620-adjusting-photoshoot] image filename not detected: 
[240620-adjusting-photoshoot] image filename not detected: 
[240620-adjusting-photoshoot] image filename not detected: 
[240620-adjusting-photoshoot] image filename not detected: 
[240620-adjusting-photoshoot] image filename not detected: 
[240620-adjusting-photoshoot] image filename not detected: 
[240620-adjusting-photoshoot] image filename not detected: 
[240620-adjusting-photoshoot] image filename not detected: 
[240620-adjusting-photoshoot] image filename not detected: 
[240620-adjusting-photoshoot] image filename not detected: 
[240620-adjusting-photoshoot] image filename not detected: 
[240620-adjusting-photoshoot] image filename not detected: 
[240620-adjusting-photoshoot] image filename not detected: 
[240620-adjusting-photoshoot] image filename not detected: 
[240620-adjusting-photoshoot] image filename not detected: 
[240620-adjusting-photoshoot] image filename not detected: 
[240917-checkerboard-mt-sapphire] image filename not detected: 
[240917-checkerboard-mt-sapphire] image filename not detected: 
[240917-checkerboard-mt-sapphire] image filename not detected: 
[240917-checkerboard-mt-sapphire] image filename not detected: 
[240917-checkerboard-mt-sapphire] image filename not detected: 
[240917-checkerboard-mt-sapphire] image filename not detected: 
[240917-checkerboard-mt-sapphire] image filename not detected: 
[240917-checkerboard-mt-sapphire] image filename not detected: 
[240917-checkerboard-mt-sapphire] image filename not detected: 
[240917-checkerboard-mt-sapphire] image filename not detected: 
[240917-checkerboard-mt-sapphire] image filename not detected: 
[240917-checkerboard-mt-sapphire] image filename not detected: 
[240917-checkerboard-mt-sapphire] image filename not detected: 
[240917-checkerboard-mt-sapphire] image filename not detected: 
[240917-checkerboard-mt-sapphire] image filename not detected: 
[240917-checkerboard-mt-sapphire] image filename not detected: 
[240917-checkerboard-mt-sapphire] image filename not detected: 
[240922-design-for-rich-color-by-s-laborie] image filename not detected: 
[240922-design-for-rich-color-by-s-laborie] image filename not detected: 
[240922-design-for-rich-color-by-s-laborie] image filename not detected: 
[240922-design-for-rich-color-by-s-laborie] image filename not detected: 
[240922-design-for-rich-color-by-s-laborie] image filename not detected: 
[240922-design-for-rich-color-by-s-laborie] image filename not detected: 
[240922-design-for-rich-color-by-s-laborie] image filename not detected: 
[240922-design-for-rich-color-by-s-laborie] image filename not detected: 
[240922-design-for-rich-color-by-s-laborie] image filename not detected: 
[240922-design-for-rich-color-by-s-laborie] image filename not detected: 
[240922-design-for-rich-color-by-s-laborie] image filename not detected: 
[240922-design-for-rich-color-by-s-laborie] image filename not detected: 
[240922-design-for-rich-color-by-s-laborie] image filename not detected: 
[240922-design-for-rich-color-by-s-laborie] image filename not detected: 
[240922-design-for-rich-color-by-s-laborie] image filename not detected: 
[240922-design-for-rich-color-by-s-laborie] image filename not detected: 
[240922-design-for-rich-color-by-s-laborie] image filename not detected: 
[240922-design-for-rich-color-by-s-laborie] image filename not detected: 
[241101-dragon-garnet-and-fluorescence] image filename not detected: 
[241101-dragon-garnet-and-fluorescence] image filename not detected: 
[241101-dragon-garnet-and-fluorescence] image filename not detected: 
[241101-dragon-garnet-and-fluorescence] image filename not detected: 
[241101-dragon-garnet-and-fluorescence] image filename not detected: 
[241101-dragon-garnet-and-fluorescence] image filename not detected: 
[241101-dragon-garnet-and-fluorescence] image filename not detected: 
[241101-dragon-garnet-and-fluorescence] image filename not detected: 
[241101-dragon-garnet-and-fluorescence] image filename not detected: 
[241101-dragon-garnet-and-fluorescence] image filename not detected: 
[241101-dragon-garnet-and-fluorescence] image filename not detected: 
[241101-dragon-garnet-and-fluorescence] image filename not detected: 
[241101-dragon-garnet-and-fluorescence] image filename not detected: 
[241101-dragon-garnet-and-fluorescence] image filename not detected: 
[241101-dragon-garnet-and-fluorescence] image filename not detected: 
[241101-dragon-garnet-and-fluorescence] image filename not detected: 
[241101-dragon-garnet-and-fluorescence] image filename not detected: 
[250202-two-malaya-garnets] image filename not detected: 
[250202-two-malaya-garnets] image filename not detected: 
[250202-two-malaya-garnets] image filename not detected: 
[250202-two-malaya-garnets] image filename not detected: 
[250202-two-malaya-garnets] image filename not detected: 
[250202-two-malaya-garnets] image filename not detected: 
[250202-two-malaya-garnets] image filename not detected: 
[250202-two-malaya-garnets] image filename not detected: 
[250202-two-malaya-garnets] image filename not detected: 
[250202-two-malaya-garnets] image filename not detected: 
[250202-two-malaya-garnets] image filename not detected: 
[250202-two-malaya-garnets] image filename not detected: 
[250202-two-malaya-garnets] image filename not detected: 
[250202-two-malaya-garnets] image filename not detected: 
[250202-two-malaya-garnets] image filename not detected: 
[250202-two-malaya-garnets] image filename not detected: 
[250202-two-malaya-garnets] image filename not detected: 
[250202-two-malaya-garnets] image filename not detected: 
[250202-two-malaya-garnets] image filename not detected: 
[250208-pavilion-vs-crown] image filename not detected: 
[250208-pavilion-vs-crown] image filename not detected: 
[250208-pavilion-vs-crown] image filename not detected: 
[250208-pavilion-vs-crown] image filename not detected: 
[250208-pavilion-vs-crown] image filename not detected: 
[250208-pavilion-vs-crown] image filename not detected: 
[250208-pavilion-vs-crown] image filename not detected: 
[250208-pavilion-vs-crown] image filename not detected: 
[250208-pavilion-vs-crown] image filename not detected: 
[250208-pavilion-vs-crown] image filename not detected: 
[250208-pavilion-vs-crown] image filename not detected: 
[250208-pavilion-vs-crown] image filename not detected: 
[250208-pavilion-vs-crown] image filename not detected: 
[250208-pavilion-vs-crown] image filename not detected: 
[250216-colors-and-angles-2] image filename not detected: 
[250216-colors-and-angles-2] image filename not detected: 
[250216-colors-and-angles-2] image filename not detected: 
[250216-colors-and-angles-2] image filename not detected: 
[250216-colors-and-angles-2] image filename not detected: 
[250216-colors-and-angles-2] image filename not detected: 
[250216-colors-and-angles-2] image filename not detected: 
[250216-colors-and-angles-2] image filename not detected: 
[250216-colors-and-angles-2] image filename not detected: 
[250216-colors-and-angles-2] image filename not detected: 
[250216-colors-and-angles-2] image filename not detected: 
[250216-colors-and-angles-2] image filename not detected: 
[250216-colors-and-angles-2] image filename not detected: 
[250216-colors-and-angles-2] image filename not detected: 
[250301-frosted-edge] image filename not detected: 
[250301-frosted-edge] image filename not detected: 
[250301-frosted-edge] image filename not detected: 
[250301-frosted-edge] image filename not detected: 
[250301-frosted-edge] image filename not detected: 
[250301-frosted-edge] image filename not detected: 
[250307-r-long-meetpoint-faceting] image filename not detected: 
[250307-r-long-meetpoint-faceting] image filename not detected: 
[250307-r-long-meetpoint-faceting] image filename not detected: 
[250307-r-long-meetpoint-faceting] image filename not detected: 
[250307-r-long-meetpoint-faceting] image filename not detected: 
[250307-r-long-meetpoint-faceting] image filename not detected: 
[250307-r-long-meetpoint-faceting] image filename not detected: 
[250307-r-long-meetpoint-faceting] image filename not detected: 
[250307-r-long-meetpoint-faceting] image filename not detected: 
[250307-r-long-meetpoint-faceting] image filename not detected: 
[250307-r-long-meetpoint-faceting] image filename not detected: 
[250315-polish-and-heat-zircon] image filename not detected: 
[250315-polish-and-heat-zircon] image filename not detected: 
[250315-polish-and-heat-zircon] image filename not detected: 
[250315-polish-and-heat-zircon] image filename not detected: 
[250315-polish-and-heat-zircon] image filename not detected: 
[250315-polish-and-heat-zircon] image filename not detected: 
[250315-polish-and-heat-zircon] image filename not detected: 
[250315-polish-and-heat-zircon] image filename not detected: 
[250324-pentagon-vs-hexagon] image filename not detected: 
[250324-pentagon-vs-hexagon] image filename not detected: 
[250324-pentagon-vs-hexagon] image filename not detected: 
[250324-pentagon-vs-hexagon] image filename not detected: 
[250324-pentagon-vs-hexagon] image filename not detected: 
[250324-pentagon-vs-hexagon] image filename not detected: 
[250324-pentagon-vs-hexagon] image filename not detected: 
[250324-pentagon-vs-hexagon] image filename not detected: 
[250324-pentagon-vs-hexagon] image filename not detected: 
[250324-pentagon-vs-hexagon] image filename not detected: 
[250324-pentagon-vs-hexagon] image filename not detected: 
[250324-pentagon-vs-hexagon] image filename not detected: 
[250324-pentagon-vs-hexagon] image filename not detected: 
[250324-pentagon-vs-hexagon] image filename not detected: 
[250324-pentagon-vs-hexagon] image filename not detected: 
[250324-pentagon-vs-hexagon] image filename not detected: 
[250324-pentagon-vs-hexagon] image filename not detected: 
[250324-pentagon-vs-hexagon] image filename not detected: 
[250324-pentagon-vs-hexagon] image filename not detected: 
[250324-pentagon-vs-hexagon] image filename not detected: 
[250324-pentagon-vs-hexagon] image filename not detected: 
[250329-umba-sapphire-crack] image filename not detected: 
[250329-umba-sapphire-crack] image filename not detected: 
[250705-untreated-vs-normal-heated] image filename not detected: 
[250705-untreated-vs-normal-heated] image filename not detected: 
[ametrine-pendant-k14] image filename not detected: 
[ametrine-pendant-k14] image filename not detected: 
[ametrine-pendant-k14] image filename not detected: 
[ametrine-pendant-k14] image filename not detected: 
[ametrine-pendant-k14] image filename not detected: 
[ametrine-pendant-k14] image filename not detected: 
[ametrine-pendant-k14] image filename not detected: 
[ametrine-pendant-k14] image filename not detected: 
[aquamarine-2507ct-concave-rectangle-cut] image filename not detected: 
[aquamarine-2507ct-concave-rectangle-cut] image filename not detected: 
[aquamarine-2507ct-concave-rectangle-cut] image filename not detected: 
[aquamarine-2507ct-concave-rectangle-cut] image filename not detected: 
[aquamarine-2507ct-concave-rectangle-cut] image filename not detected: 
[aquamarine-2507ct-concave-rectangle-cut] image filename not detected: 
[aquamarine-2507ct-concave-rectangle-cut] image filename not detected: 
[aquamarine-2507ct-concave-rectangle-cut] image filename not detected: 
[aquamarine-2507ct-concave-rectangle-cut] image filename not detected: 
[aquamarine-2840ct-concave-square-cut] image filename not detected: 
[aquamarine-2840ct-concave-square-cut] image filename not detected: 
[aquamarine-2840ct-concave-square-cut] image filename not detected: 
[aquamarine-2840ct-concave-square-cut] image filename not detected: 
[aquamarine-2840ct-concave-square-cut] image filename not detected: 
[aquamarine-2840ct-concave-square-cut] image filename not detected: 
[aquamarine3707ct-211203] image filename not detected: 
[aquamarine3707ct-211203] image filename not detected: 
[aquamarine3707ct-211203] image filename not detected: 
[aquamarine3707ct-211203] image filename not detected: 
[aquamarine3707ct-211203] image filename not detected: 
[aquamarine3707ct-211203] image filename not detected: 
[aquamarine3707ct-211203] image filename not detected: 
[aquamarine3707ct-211203] image filename not detected: 
[before-rainy-season] image filename not detected: 
[before-rainy-season] image filename not detected: 
[before-rainy-season] image filename not detected: 
[before-rainy-season] image filename not detected: 
[before-rainy-season] image filename not detected: 
[before-rainy-season] image filename not detected: 
[before-rainy-season] image filename not detected: 
[before-rainy-season] image filename not detected: 
[benitoite-rectangle-0326ct] image filename not detected: 
[benitoite-rectangle-0326ct] image filename not detected: 
[benitoite-rectangle-0326ct] image filename not detected: 
[benitoite-rectangle-0326ct] image filename not detected: 
[benitoite-rectangle-0326ct] image filename not detected: 
[benitoite-rectangle-0326ct] image filename not detected: 
[benitoite-rectangle-0326ct] image filename not detected: 
[benitoite-rectangle-0326ct] image filename not detected: 
[benitoite-rectangle-0326ct] image filename not detected: 
[benitoite-rectangle-0326ct] image filename not detected: 
[benitoite-rectangle-0326ct] image filename not detected: 
[benitoite-rectangle-0326ct] image filename not detected: 
[benitoite-rectangle-0326ct] image filename not detected: 
[benitoite-rectangle-0326ct] image filename not detected: 
[benitoite-rectangle-0326ct] image filename not detected: 
[benitoite-roundmixcut-0303ct] image filename not detected: 
[benitoite-roundmixcut-0303ct] image filename not detected: 
[benitoite-roundmixcut-0303ct] image filename not detected: 
[benitoite-roundmixcut-0303ct] image filename not detected: 
[benitoite-roundmixcut-0303ct] image filename not detected: 
[benitoite-roundmixcut-0303ct] image filename not detected: 
[benitoite-roundmixcut-0303ct] image filename not detected: 
[benitoite-roundmixcut-0303ct] image filename not detected: 
[benitoite-roundmixcut-0303ct] image filename not detected: 
[blackopal-matte-finish-0755ct] image filename not detected: 
[blackopal-matte-finish-0755ct] image filename not detected: 
[blackopal-matte-finish-0755ct] image filename not detected: 
[blackopal-matte-finish-0755ct] image filename not detected: 
[blackopal-matte-finish-0755ct] image filename not detected: 
[blackopal-matte-finish-0755ct] image filename not detected: 
[blackopal-matte-finish-0755ct] image filename not detected: 
[blackopal-matte-finish-0755ct] image filename not detected: 
[blackopal-matte-finish-0755ct] image filename not detected: 
[demantoidgarnet-0853ct-211201] image filename not detected: 
[demantoidgarnet-0853ct-211201] image filename not detected: 
[demantoidgarnet-0853ct-211201] image filename not detected: 
[demantoidgarnet-0853ct-211201] image filename not detected: 
[demantoidgarnet-0853ct-211201] image filename not detected: 
[demantoidgarnet-0853ct-211201] image filename not detected: 
[demantoidgarnet-0853ct-211201] image filename not detected: 
[demantoidgarnet-0853ct-211201] image filename not detected: 
[kenyan-parti-sapphire-1380ct-concave-hexagon-cut] image filename not detected: 
[kenyan-parti-sapphire-1380ct-concave-hexagon-cut] image filename not detected: 
[kenyan-parti-sapphire-1380ct-concave-hexagon-cut] image filename not detected: 
[kenyan-parti-sapphire-1380ct-concave-hexagon-cut] image filename not detected: 
[kenyan-parti-sapphire-1380ct-concave-hexagon-cut] image filename not detected: 
[kenyan-parti-sapphire-1380ct-concave-hexagon-cut] image filename not detected: 
[kenyan-parti-sapphire-1380ct-concave-hexagon-cut] image filename not detected: 
[kenyan-parti-sapphire-1380ct-concave-hexagon-cut] image filename not detected: 
[kenyan-parti-sapphire-1380ct-concave-hexagon-cut] image filename not detected: 
[kenyansapphire-1559ctct-crossover] image filename not detected: 
[kenyansapphire-1559ctct-crossover] image filename not detected: 
[kenyansapphire-1559ctct-crossover] image filename not detected: 
[kenyansapphire-1559ctct-crossover] image filename not detected: 
[kenyansapphire-1559ctct-crossover] image filename not detected: 
[kenyansapphire-1559ctct-crossover] image filename not detected: 
[kenyansapphire-1559ctct-crossover] image filename not detected: 
[kenyansapphire-1559ctct-crossover] image filename not detected: 
[kenyansapphire-1559ctct-crossover] image filename not detected: 
[kunzite-4683ct-heart-squared] image filename not detected: 
[kunzite-4683ct-heart-squared] image filename not detected: 
[kunzite-4683ct-heart-squared] image filename not detected: 
[kunzite-4683ct-heart-squared] image filename not detected: 
[kunzite-4683ct-heart-squared] image filename not detected: 
[kunzite-4683ct-heart-squared] image filename not detected: 
[kunzite-4683ct-heart-squared] image filename not detected: 
[kunzite-4683ct-heart-squared] image filename not detected: 
[kunzite-4683ct-heart-squared] image filename not detected: 
[kunzite-mirrorball-10768ct] image filename not detected: 
[kunzite-mirrorball-10768ct] image filename not detected: 
[kunzite-mirrorball-10768ct] image filename not detected: 
[kunzite-mirrorball-10768ct] image filename not detected: 
[kunzite-mirrorball-10768ct] image filename not detected: 
[montana-sapphire-crystal-36ct] image filename not detected: 
[montana-sapphire-crystal-36ct] image filename not detected: 
[montana-sapphire-crystal-36ct] image filename not detected: 
[montana-sapphire-crystal-36ct] image filename not detected: 
[montana-sapphire-crystal-36ct] image filename not detected: 
[montana-sapphire-crystal-36ct] image filename not detected: 
[montana-sapphire-crystal-36ct] image filename not detected: 
[montana-sapphire-crystal-36ct] image filename not detected: 
[montana-sapphire-crystal-36ct] image filename not detected: 
[montana-sapphire-hexagonrose-0728ct] image filename not detected: 
[montana-sapphire-hexagonrose-0728ct] image filename not detected: 
[montana-sapphire-hexagonrose-0728ct] image filename not detected: 
[montana-sapphire-hexagonrose-0728ct] image filename not detected: 
[montana-sapphire-hexagonrose-0728ct] image filename not detected: 
[montana-sapphire-hexagonrose-0728ct] image filename not detected: 
[montana-sapphire-hexagonrose-0728ct] image filename not detected: 
[montana-sapphire-hexagonrose-0728ct] image filename not detected: 
[montana-sapphire-hexagonrose-0728ct] image filename not detected: 
[nigerian-sapphire-1242ct-coffincut] image filename not detected: 
[nigerian-sapphire-1242ct-coffincut] image filename not detected: 
[nigerian-sapphire-1242ct-coffincut] image filename not detected: 
[nigerian-sapphire-1242ct-coffincut] image filename not detected: 
[nigerian-sapphire-1242ct-coffincut] image filename not detected: 
[nigerian-sapphire-1242ct-coffincut] image filename not detected: 
[nigerian-sapphire-1242ct-coffincut] image filename not detected: 
[nigerian-sapphire-1242ct-coffincut] image filename not detected: 
[nigerian-sapphire-1242ct-coffincut] image filename not detected: 
[nigerian-sapphire-1242ct-coffincut] image filename not detected: 
[nyan-blue-sapphire-1800ct-concave-hexagon-cut] image filename not detected: 
[nyan-blue-sapphire-1800ct-concave-hexagon-cut] image filename not detected: 
[nyan-blue-sapphire-1800ct-concave-hexagon-cut] image filename not detected: 
[nyan-blue-sapphire-1800ct-concave-hexagon-cut] image filename not detected: 
[nyan-blue-sapphire-1800ct-concave-hexagon-cut] image filename not detected: 
[nyan-blue-sapphire-1800ct-concave-hexagon-cut] image filename not detected: 
[nyan-blue-sapphire-1800ct-concave-hexagon-cut] image filename not detected: 
[nyan-blue-sapphire-1800ct-concave-hexagon-cut] image filename not detected: 
[nyan-blue-sapphire-1800ct-concave-hexagon-cut] image filename not detected: 
[oregon-sunstone-1307ct-round-mix-cut] image filename not detected: 
[oregon-sunstone-1307ct-round-mix-cut] image filename not detected: 
[oregon-sunstone-1307ct-round-mix-cut] image filename not detected: 
[oregon-sunstone-1307ct-round-mix-cut] image filename not detected: 
[oregon-sunstone-1307ct-round-mix-cut] image filename not detected: 
[oregon-sunstone-1307ct-round-mix-cut] image filename not detected: 
[oregon-sunstone-1307ct-round-mix-cut] image filename not detected: 
[oregon-sunstone-1307ct-round-mix-cut] image filename not detected: 
[oregonsunstone-silver-ring] image filename not detected: 
[oregonsunstone-silver-ring] image filename not detected: 
[oregonsunstone-silver-ring] image filename not detected: 
[oregonsunstone-silver-ring] image filename not detected: 
[oregonsunstone-silver-ring] image filename not detected: 
[oregonsunstone-silver-ring] image filename not detected: 
[oregonsunstone-silver-ring] image filename not detected: 
[oregonsunstone-silver-ring] image filename not detected: 
[oregonsunstone1940ct-20220124] image filename not detected: 
[oregonsunstone1940ct-20220124] image filename not detected: 
[oregonsunstone1940ct-20220124] image filename not detected: 
[oregonsunstone1940ct-20220124] image filename not detected: 
[oregonsunstone1940ct-20220124] image filename not detected: 
[oregonsunstone1940ct-20220124] image filename not detected: 
[oregonsunstone1940ct-20220124] image filename not detected: 
[oregonsunstone1940ct-20220124] image filename not detected: 
[oregonsunstone1940ct-20220124] image filename not detected: 
[oregonsunstone1940ct-20220124] image filename not detected: 
[oregonsunstone1940ct-20220124] image filename not detected: 
[oregonsunstone1940ct-20220124] image filename not detected: 
[our-favorite-led] image filename not detected: 
[our-favorite-led] image filename not detected: 
[parti-sapphire-roundcut-0741ct] image filename not detected: 
[parti-sapphire-roundcut-0741ct] image filename not detected: 
[parti-sapphire-roundcut-0741ct] image filename not detected: 
[parti-sapphire-roundcut-0741ct] image filename not detected: 
[parti-sapphire-roundcut-0741ct] image filename not detected: 
[parti-sapphire-roundcut-0741ct] image filename not detected: 
[parti-sapphire-roundcut-0741ct] image filename not detected: 
[parti-sapphire-roundcut-0741ct] image filename not detected: 
[parti-sapphire-roundcut-0741ct] image filename not detected: 
[pink-tourmaline-1678ct-trillion-frost-cut] image filename not detected: 
[pink-tourmaline-1678ct-trillion-frost-cut] image filename not detected: 
[pink-tourmaline-1678ct-trillion-frost-cut] image filename not detected: 
[pink-tourmaline-1678ct-trillion-frost-cut] image filename not detected: 
[pink-tourmaline-1678ct-trillion-frost-cut] image filename not detected: 
[pink-tourmaline-3281ct-heart-squared] image filename not detected: 
[pink-tourmaline-3281ct-heart-squared] image filename not detected: 
[pink-tourmaline-3281ct-heart-squared] image filename not detected: 
[pink-tourmaline-3281ct-heart-squared] image filename not detected: 
[pink-tourmaline-3281ct-heart-squared] image filename not detected: 
[pink-tourmaline-3281ct-heart-squared] image filename not detected: 
[pink-tourmaline-3281ct-heart-squared] image filename not detected: 
[pink-tourmaline-3281ct-heart-squared] image filename not detected: 
[pink-tourmaline-3281ct-heart-squared] image filename not detected: 
[pink-tourmaline-trillion-cut-0705ct] image filename not detected: 
[pink-tourmaline-trillion-cut-0705ct] image filename not detected: 
[pink-tourmaline-trillion-cut-0705ct] image filename not detected: 
[pink-tourmaline-trillion-cut-0705ct] image filename not detected: 
[pink-tourmaline-trillion-cut-0705ct] image filename not detected: 
[pink-tourmaline-trillion-cut-0705ct] image filename not detected: 
[pink-tourmaline-trillion-cut-0705ct] image filename not detected: 
[pink-tourmaline-trillion-cut-0705ct] image filename not detected: 
[pink-tourmaline-trillion-cut-0705ct] image filename not detected: 
[pink-zoisite-214ct-facet-rough] image filename not detected: 
[pink-zoisite-214ct-facet-rough] image filename not detected: 
[pink-zoisite-214ct-facet-rough] image filename not detected: 
[pink-zoisite-214ct-facet-rough] image filename not detected: 
[pink-zoisite-214ct-facet-rough] image filename not detected: 
[pink-zoisite-214ct-facet-rough] image filename not detected: 
[pink-zoisite-214ct-facet-rough] image filename not detected: 
[pink-zoisite-214ct-facet-rough] image filename not detected: 
[pink-zoisite-214ct-facet-rough] image filename not detected: 
[pink-zoisite-388ct-facet-rough] image filename not detected: 
[pink-zoisite-388ct-facet-rough] image filename not detected: 
[pink-zoisite-388ct-facet-rough] image filename not detected: 
[pink-zoisite-388ct-facet-rough] image filename not detected: 
[pink-zoisite-388ct-facet-rough] image filename not detected: 
[pink-zoisite-388ct-facet-rough] image filename not detected: 
[pink-zoisite-388ct-facet-rough] image filename not detected: 
[pink-zoisite-388ct-facet-rough] image filename not detected: 
[sapphire-2060ct-liberty-style-3] image filename not detected: 
[sapphire-2060ct-liberty-style-3] image filename not detected: 
[sapphire-2060ct-liberty-style-3] image filename not detected: 
[sapphire-2060ct-liberty-style-3] image filename not detected: 
[sapphire-2060ct-liberty-style-3] image filename not detected: 
[sapphire-2060ct-liberty-style-3] image filename not detected: 
[sapphire-2060ct-liberty-style-3] image filename not detected: 
[sapphire-2060ct-liberty-style-3] image filename not detected: 
[sapphire-2060ct-liberty-style-3] image filename not detected: 
[sapphire-2060ct-liberty-style-3] image filename not detected: 
[seafoam-tourmaline-1020ct-trillion-frost-cut] image filename not detected: 
[seafoam-tourmaline-1020ct-trillion-frost-cut] image filename not detected: 
[seafoam-tourmaline-1020ct-trillion-frost-cut] image filename not detected: 
[seafoam-tourmaline-1020ct-trillion-frost-cut] image filename not detected: 
[seafoam-tourmaline-1020ct-trillion-frost-cut] image filename not detected: 
[seafoam-tourmaline-1020ct-trillion-frost-cut] image filename not detected: 
[tourmaline-hexagonal-cushion-0814ct] image filename not detected: 
[tourmaline-hexagonal-cushion-0814ct] image filename not detected: 
[tourmaline-hexagonal-cushion-0814ct] image filename not detected: 
[tourmaline-hexagonal-cushion-0814ct] image filename not detected: 
[tourmaline-hexagonal-cushion-0814ct] image filename not detected: 
[tourmaline-hexagonal-cushion-0814ct] image filename not detected: 
[tourmaline-hexagonal-cushion-0814ct] image filename not detected: 
[tourmaline-hexagonal-cushion-0814ct] image filename not detected: 
[tourmaline-hexagonal-cushion-0814ct] image filename not detected: 
[vietnam-silky-sapphire-2224ct] image filename not detected: 
[vietnam-silky-sapphire-2224ct] image filename not detected: 
[vietnam-silky-sapphire-2224ct] image filename not detected: 
[vietnam-silky-sapphire-2224ct] image filename not detected: 
[vietnam-silky-sapphire-2224ct] image filename not detected: 
[vietnam-silky-sapphire-2224ct] image filename not detected: 
[vietnam-silky-sapphire-2224ct] image filename not detected: 
[vietnam-silky-sapphire-2224ct] image filename not detected: 
[whatsnew-yymmdd] item missing
[winza-sapphire-crystal-302ct] image filename not detected: 
[winza-sapphire-crystal-302ct] image filename not detected: 
[winza-sapphire-crystal-302ct] image filename not detected: 
[winza-sapphire-crystal-302ct] image filename not detected: 
[winza-sapphire-crystal-302ct] image filename not detected: 
[winza-sapphire-crystal-302ct] image filename not detected: 
[winza-sapphire-crystal-302ct] image filename not detected: 
[winza-sapphire-crystal-302ct] image filename not detected: 
[winza-sapphire-crystal-302ct] image filename not detected: 
[winza-sapphire-crystal-pendant] image filename not detected: 
[winza-sapphire-crystal-pendant] image filename not detected: 
[winza-sapphire-crystal-pendant] image filename not detected: 
[winza-sapphire-crystal-pendant] image filename not detected: 
[winza-sapphire-crystal-pendant] image filename not detected: 
[xzkbrew8yxhct8b66ckxtcrb872wgd] item missing
[yellow-tourmaline-0693ct-trillion-cut] image filename not detected: 
[yellow-tourmaline-0693ct-trillion-cut] image filename not detected: 
[yellow-tourmaline-0693ct-trillion-cut] image filename not detected: 
[yellow-tourmaline-0693ct-trillion-cut] image filename not detected: 
[yellow-tourmaline-0693ct-trillion-cut] image filename not detected: 
[yellow-tourmaline-0693ct-trillion-cut] image filename not detected: 
[yellow-tourmaline-0693ct-trillion-cut] image filename not detected: 
[yellow-tourmaline-0693ct-trillion-cut] image filename not detected: 
[yellow-tourmaline-0693ct-trillion-cut] image filename not detected: 
[yellow-tourmaline-0693ct-trillion-cut] image filename not detected: 
[yymmdd-short-desc-ybd8f-ycx45-dhumt-v0zso] item missing
[yymmdd-short-desc] item missing
[yymmdd] item missing